[SBV] tests/T04.hs:10:1 Proving "f", using Z3.
[Z3] Q.E.D.
