[SBV] tests/T09.hs:10:1 QuickChecking "f", using Z3.
+++ OK, passed 100 tests.
