[SBV] tests/T15.hs:11:1 Proving "f", using Z3.
[Z3] Q.E.D.
