[SBV] tests/T25.hs:9:1 Proving "f", using Z3.
[Z3] Q.E.D.
